(0min 0sec) Using cpu device
(0min 0sec) Reading data in from files...

(0min 3sec) Initalizating RoBERTa and creating data collator...

(0min 5sec) Fine-tuning the model...

{'eval_loss': 0.6803814172744751, 'eval_accuracy': 0.58, 'eval_runtime': 6.5517, 'eval_samples_per_second': 7.632, 'eval_steps_per_second': 0.153, 'epoch': 1.0}
{'train_runtime': 31.5269, 'train_samples_per_second': 1.586, 'train_steps_per_second': 0.032, 'train_loss': 0.68513023853302, 'epoch': 1.0}

(0min 37sec) Evaluating the Transformer model on training data

Predictions argmax: (size = (50,)
[1 1 1 1 1 1 1 1 1 1 1 1 1 1 1 1 1 1 1 1 1 1 1 1 1 1 1 1 1 1 1 1 1 1 1 1 1
 1 1 1 1 1 1 1 1 1 1 1 1 1]
Predictions label_ids: (size = (50,)
[1 1 1 0 1 1 1 1 1 0 0 1 0 1 0 0 1 0 1 1 1 1 0 1 0 0 1 1 0 1 0 0 1 0 1 1 1
 1 1 0 1 0 1 1 1 0 0 1 0 0]
f1:
	 {'f1': 0.7499999999999999}
accuracy:
	 {'accuracy': 0.6}


(0min 46sec) Evaluating the Transformer model on dev data

Predictions argmax: (size = (50,)
[1 1 1 1 1 1 1 1 1 1 1 1 1 1 1 1 1 1 1 1 1 1 1 1 1 1 1 1 1 1 1 1 1 1 1 1 1
 1 1 1 1 1 1 1 1 1 1 1 1 1]
Predictions label_ids: (size = (50,)
[1 1 1 1 1 0 1 0 0 1 1 0 1 1 1 1 1 1 1 1 0 0 1 1 0 0 1 0 1 1 0 1 0 0 0 0 0
 0 0 1 1 0 1 0 1 0 0 1 1 1]
f1:
	 {'f1': 0.7341772151898733}
accuracy:
	 {'accuracy': 0.58}

(0min 60sec) Done!
