(0min 3sec) Using cuda device
Using the GPU:Tesla M10
(0min 3sec) Reading data in from files...

